=== flutter pub get stdout ===
Downloading Material fonts...                                    1,570ms
Downloading Gradle Wrapper...                                      105ms
Downloading package sky_engine...                                  515ms
Downloading package flutter_gpu...                                 100ms
Downloading flutter_patched_sdk tools...                         1,202ms
Downloading flutter_patched_sdk_product tools...                 1,097ms
Downloading linux-x64 tools...                                      7.4s
Downloading linux-x64/font-subset tools...                       1,384ms
Resolving dependencies...
Downloading packages...
+ characters 1.4.0 (1.4.1 available)
+ collection 1.19.1
+ flutter 0.0.0 from sdk flutter
+ material_color_utilities 0.11.1 (0.13.0 available)
+ meta 1.17.0 (1.18.2 available)
+ sky_engine 0.0.0 from sdk flutter
+ vector_math 2.2.0 (2.3.0 available)
Changed 7 dependencies!
4 packages have newer versions incompatible with dependency constraints.
Try `flutter pub outdated` for more information.

=== stderr ===
Building flutter tool...
Resolving dependencies...
Downloading packages...
Got dependencies.


=== dart analyze stdout ===

=== dart analyze stderr ===

